// Jest Snapshot v1, https://goo.gl/fbAQLP

exports[`Testing <PhoneCard /> component should show <PhoneCard /> as expected 1`] = `
<div
  className="card ms-3"
  style={
    Object {
      "maxWidth": 500,
    }
  }
>
  <div
    className="row no-gutters"
  >
    <Link
      className="col-md-12"
      to="./phone/id=0"
    >
      <img
        alt="iPhone 7"
        className="card-img"
        src="./assets/images/IPhone_7.png"
      />
    </Link>
  </div>
  <div
    className="col-md-12"
  >
    <div
      className="card-body"
    >
      <h5
        className="card-title"
      >
        iPhone 7
      </h5>
      <p>
        769
         â‚¬
      </p>
      <Link
        to="./phone/id=0"
      >
        Full Info...
      </Link>
    </div>
  </div>
</div>
`;
